2026-06-30 12:39:53 info: GET /api-docs 301 158 - 8.062 ms
2026-06-30 12:39:53 info: GET /api-docs/ 200 - - 10.979 ms
2026-06-30 12:39:54 info: GET /.well-known/appspecific/com.chrome.devtools.json 404 187 - 50.999 ms
2026-06-30 12:39:54 info: GET /api-docs/swagger-ui-init.js 200 - - 77.363 ms
2026-06-30 12:39:54 info: GET /api-docs/swagger-ui.css 200 - - 128.449 ms
2026-06-30 12:39:54 info: GET /api-docs/swagger-ui-standalone-preset.js 200 - - 201.092 ms
2026-06-30 12:39:54 info: GET /api-docs/swagger-ui.css.map 200 - - 39.994 ms
2026-06-30 12:39:54 info: GET /api-docs/swagger-ui-bundle.js 200 - - 122.101 ms
2026-06-30 12:39:55 info: GET /api-docs/favicon-32x32.png 200 628 - 27.701 ms
2026-06-30 12:41:11 info: POST /api/v1/company/register 201 - - 1064.954 ms
2026-06-30 12:41:12 info: POST /api/v1/auth/register 201 462 - 190.361 ms
2026-06-30 12:41:12 info: POST /api/v1/auth/login 200 903 - 200.161 ms
2026-06-30 12:41:12 info: POST /api/v1/jobs 400 176 - 33.155 ms
2026-06-30 12:41:13 info: POST /api/v1/company/register 201 - - 1036.337 ms
2026-06-30 12:41:14 info: POST /api/v1/auth/register 201 462 - 430.408 ms
2026-06-30 12:41:14 info: POST /api/v1/auth/login 200 903 - 172.449 ms
2026-06-30 12:41:14 info: POST /api/v1/jobs 400 176 - 11.905 ms
2026-06-30 12:41:20 info: POST /api/v1/auth/register 201 471 - 186.278 ms
2026-06-30 12:41:21 info: POST /api/v1/auth/login 200 914 - 119.724 ms
2026-06-30 12:41:22 info: PUT /api/v1/profile/resume 500 66 - 1439.332 ms
2026-06-30 12:41:38 info: POST /api/v1/company/register 201 - - 1020.921 ms
2026-06-30 12:41:38 info: POST /api/v1/auth/register 201 474 - 115.859 ms
2026-06-30 12:41:38 info: POST /api/v1/auth/login 200 921 - 118.384 ms
2026-06-30 12:41:38 info: GET /api/v1/jobs/my-jobs 401 62 - 16.185 ms
2026-06-30 12:41:39 info: POST /api/v1/company/register 201 - - 972.807 ms
2026-06-30 12:41:39 info: POST /api/v1/auth/register 201 474 - 114.184 ms
2026-06-30 12:41:40 info: POST /api/v1/auth/login 200 921 - 109.341 ms
2026-06-30 12:41:40 info: GET /api/v1/jobs/my-jobs 401 55 - 5.759 ms
2026-06-30 12:41:41 info: POST /api/v1/company/register 201 - - 758.017 ms
2026-06-30 12:41:41 info: POST /api/v1/auth/register 201 474 - 102.502 ms
2026-06-30 12:41:41 info: POST /api/v1/auth/login 200 921 - 99.476 ms
2026-06-30 12:41:41 info: GET /api/v1/jobs/my-jobs 403 92 - 9.518 ms
2026-06-30 12:41:42 info: POST /api/v1/company/register 201 - - 981.898 ms
2026-06-30 12:41:42 info: POST /api/v1/auth/register 201 474 - 340.093 ms
2026-06-30 12:41:43 info: POST /api/v1/auth/login 200 921 - 331.552 ms
2026-06-30 12:41:43 info: GET /api/v1/jobs/my-jobs 403 95 - 21.165 ms
2026-06-30 12:41:50 info: POST /api/v1/company/register 201 - - 974.381 ms
2026-06-30 12:41:51 info: POST /api/v1/auth/register 201 457 - 229.729 ms
2026-06-30 12:41:51 info: POST /api/v1/auth/login 200 891 - 224.317 ms
2026-06-30 12:41:52 info: POST /api/v1/jobs 201 787 - 201.464 ms
2026-06-30 12:41:54 info: POST /api/v1/company/register 201 - - 887.932 ms
2026-06-30 12:41:54 info: POST /api/v1/auth/register 201 457 - 237.300 ms
2026-06-30 12:41:54 info: POST /api/v1/auth/login 200 891 - 103.466 ms
2026-06-30 12:41:54 info: POST /api/v1/jobs 201 787 - 27.209 ms
2026-06-30 12:41:54 info: GET /api/v1/jobs 200 689 - 25.374 ms
2026-06-30 12:41:55 info: POST /api/v1/company/register 201 - - 858.302 ms
2026-06-30 12:41:55 info: POST /api/v1/auth/register 201 457 - 215.591 ms
2026-06-30 12:41:56 info: POST /api/v1/auth/login 200 891 - 182.924 ms
2026-06-30 12:41:56 info: POST /api/v1/jobs 201 787 - 34.202 ms
2026-06-30 12:41:56 info: GET /api/v1/jobs/6a436c3c8ad060d83d945f16 200 - - 63.171 ms
2026-06-30 12:42:10 info: POST /api/v1/auth/register 201 458 - 318.172 ms
2026-06-30 12:42:10 info: POST /api/v1/auth/login 200 893 - 154.030 ms
2026-06-30 12:42:11 info: POST /api/v1/company/register 201 - - 990.552 ms
2026-06-30 12:42:11 info: GET /api/v1/employees 403 104 - 35.622 ms
2026-06-30 12:42:24 info: POST /api/v1/auth/register 201 477 - 187.053 ms
2026-06-30 12:42:25 info: POST /api/v1/auth/register 201 477 - 112.107 ms
2026-06-30 12:42:25 info: POST /api/v1/auth/register 409 81 - 12.682 ms
2026-06-30 12:42:25 info: POST /api/v1/auth/register 400 317 - 7.246 ms
2026-06-30 12:42:25 info: POST /api/v1/auth/register 201 477 - 163.104 ms
2026-06-30 12:42:25 info: POST /api/v1/auth/login 200 926 - 123.906 ms
2026-06-30 12:42:26 info: POST /api/v1/auth/register 201 477 - 110.163 ms
2026-06-30 12:42:26 info: POST /api/v1/auth/login 401 66 - 90.158 ms
2026-06-30 12:42:26 info: POST /api/v1/auth/register 201 477 - 109.361 ms
2026-06-30 12:42:26 info: POST /api/v1/auth/login 404 61 - 8.119 ms
2026-06-30 12:42:26 info: POST /api/v1/auth/register 201 477 - 103.416 ms
2026-06-30 12:42:26 info: POST /api/v1/auth/login 200 926 - 97.462 ms
2026-06-30 12:42:26 info: GET /api/v1/auth/current-user 200 469 - 17.680 ms
2026-06-30 12:42:27 info: POST /api/v1/auth/register 201 477 - 126.672 ms
2026-06-30 12:42:27 info: POST /api/v1/auth/login 200 926 - 105.937 ms
2026-06-30 12:42:27 info: GET /api/v1/auth/current-user 401 62 - 20.518 ms
2026-06-30 12:42:27 info: POST /api/v1/auth/register 201 477 - 110.658 ms
2026-06-30 12:42:27 info: POST /api/v1/auth/login 200 926 - 172.208 ms
2026-06-30 12:42:27 info: GET /api/v1/auth/current-user 401 55 - 3.932 ms
2026-06-30 12:42:37 info: POST /api/v1/company/register 201 - - 1068.390 ms
2026-06-30 12:42:38 info: POST /api/v1/company/register 400 384 - 26.644 ms
2026-06-30 12:42:39 info: POST /api/v1/company/register 201 - - 1008.175 ms
2026-06-30 12:42:39 info: GET /api/v1/company/profile/6a436c668b9d9ae65e311e33 200 720 - 34.614 ms
2026-06-30 12:42:46 info: POST /api/v1/auth/register 201 466 - 148.145 ms
2026-06-30 12:42:47 info: POST /api/v1/auth/login 200 911 - 106.858 ms
2026-06-30 12:42:47 info: POST /api/v1/attendance/check-in 400 90 - 13.402 ms
2026-06-30 12:43:18 info: POST /api/v1/company/register 201 - - 1421.679 ms
2026-06-30 12:43:19 info: POST /api/v1/auth/register 201 462 - 912.562 ms
2026-06-30 12:43:21 info: POST /api/v1/auth/login 200 903 - 921.930 ms
2026-06-30 12:43:21 info: POST /api/v1/jobs 400 176 - 116.328 ms
2026-06-30 12:43:23 info: POST /api/v1/company/register 201 - - 1200.286 ms
2026-06-30 12:43:24 info: POST /api/v1/auth/register 201 462 - 123.794 ms
2026-06-30 12:43:24 info: POST /api/v1/auth/login 200 903 - 112.509 ms
2026-06-30 12:43:24 info: POST /api/v1/jobs 400 176 - 16.721 ms
2026-06-30 12:43:37 info: POST /api/v1/auth/register 201 471 - 168.963 ms
2026-06-30 12:43:37 info: POST /api/v1/auth/login 200 914 - 122.609 ms
2026-06-30 12:43:38 info: PUT /api/v1/profile/resume 500 66 - 1230.998 ms
